Event 'new' on client #961
Event 'change' on client #961
Event 'new' on sink-input #962
Event 'change' on sink-input #962
Event 'change' on sink-input #962
Event 'change' on sink-input #962
Event 'change' on sink #58
Event 'change' on source #58
Event 'change' on card #45
Event 'change' on sink-input #962
Event 'remove' on sink-input #962
Event 'remove' on client #961
Event 'change' on sink #58
Event 'change' on source #58
Event 'change' on sink #58
Event 'change' on source #58
Event 'new' on client #967
Event 'change' on client #967
Event 'new' on sink-input #968
Event 'change' on sink-input #968
Event 'change' on sink-input #968
Event 'change' on sink-input #968
Event 'change' on sink #58
Event 'change' on source #58
Event 'change' on sink-input #968
Event 'remove' on sink-input #968
Event 'remove' on client #967
Event 'change' on sink #58
Event 'change' on source #58
Event 'change' on sink #58
Event 'change' on source #58
Got SIGINT, exiting.
