Event 'new' on client #940
Event 'change' on client #940
Event 'new' on sink-input #941
Event 'change' on sink-input #941
Event 'change' on sink-input #941
Event 'change' on sink-input #941
Event 'change' on sink #58
Event 'change' on source #58
Event 'change' on card #45
Event 'change' on sink-input #941
Event 'remove' on sink-input #941
Event 'remove' on client #940
Event 'change' on sink #58
Event 'change' on source #58
Event 'change' on sink #58
Event 'change' on source #58
Event 'new' on client #946
Event 'change' on client #946
Event 'new' on sink-input #947
Event 'change' on sink-input #947
Event 'change' on sink-input #947
Event 'change' on sink-input #947
Event 'change' on sink #58
Event 'change' on source #58
Event 'change' on sink-input #947
Event 'remove' on sink-input #947
Event 'remove' on client #946
Event 'change' on sink #58
Event 'change' on source #58
Event 'change' on sink #58
Event 'change' on source #58
Got SIGINT, exiting.
